Archive member included to satisfy reference by file (symbol)

C:/st/STM32CubeIDE_1.16.0/STM32CubeIDE/plugins/com.st.stm32cube.ide.mcu.externaltools.gnu-tools-for-stm32.12.3.rel1.win32_1.0.200.202406191623/tools/bin/../lib/gcc/arm-none-eabi/12.3.1/../../../../arm-none-eabi/lib/thumb/v7e-m+fp/hard\libc_nano.a(libc_a-exit.o)
                              C:/st/STM32CubeIDE_1.16.0/STM32CubeIDE/plugins/com.st.stm32cube.ide.mcu.externaltools.gnu-tools-for-stm32.12.3.rel1.win32_1.0.200.202406191623/tools/bin/../lib/gcc/arm-none-eabi/12.3.1/../../../../arm-none-eabi/lib/thumb/v7e-m+fp/hard/crt0.o (exit)
C:/st/STM32CubeIDE_1.16.0/STM32CubeIDE/plugins/com.st.stm32cube.ide.mcu.externaltools.gnu-tools-for-stm32.12.3.rel1.win32_1.0.200.202406191623/tools/bin/../lib/gcc/arm-none-eabi/12.3.1/../../../../arm-none-eabi/lib/thumb/v7e-m+fp/hard\libc_nano.a(libc_a-findfp.o)
                              C:/st/STM32CubeIDE_1.16.0/STM32CubeIDE/plugins/com.st.stm32cube.ide.mcu.externaltools.gnu-tools-for-stm32.12.3.rel1.win32_1.0.200.202406191623/tools/bin/../lib/gcc/arm-none-eabi/12.3.1/../../../../arm-none-eabi/lib/thumb/v7e-m+fp/hard\libc_nano.a(libc_a-exit.o) (__stdio_exit_handler)
C:/st/STM32CubeIDE_1.16.0/STM32CubeIDE/plugins/com.st.stm32cube.ide.mcu.externaltools.gnu-tools-for-stm32.12.3.rel1.win32_1.0.200.202406191623/tools/bin/../lib/gcc/arm-none-eabi/12.3.1/../../../../arm-none-eabi/lib/thumb/v7e-m+fp/hard\libc_nano.a(libc_a-fwalk.o)
                              C:/st/STM32CubeIDE_1.16.0/STM32CubeIDE/plugins/com.st.stm32cube.ide.mcu.externaltools.gnu-tools-for-stm32.12.3.rel1.win32_1.0.200.202406191623/tools/bin/../lib/gcc/arm-none-eabi/12.3.1/../../../../arm-none-eabi/lib/thumb/v7e-m+fp/hard\libc_nano.a(libc_a-findfp.o) (_fwalk_sglue)
C:/st/STM32CubeIDE_1.16.0/STM32CubeIDE/plugins/com.st.stm32cube.ide.mcu.externaltools.gnu-tools-for-stm32.12.3.rel1.win32_1.0.200.202406191623/tools/bin/../lib/gcc/arm-none-eabi/12.3.1/../../../../arm-none-eabi/lib/thumb/v7e-m+fp/hard\libc_nano.a(libc_a-stdio.o)
                              C:/st/STM32CubeIDE_1.16.0/STM32CubeIDE/plugins/com.st.stm32cube.ide.mcu.externaltools.gnu-tools-for-stm32.12.3.rel1.win32_1.0.200.202406191623/tools/bin/../lib/gcc/arm-none-eabi/12.3.1/../../../../arm-none-eabi/lib/thumb/v7e-m+fp/hard\libc_nano.a(libc_a-findfp.o) (__sread)
C:/st/STM32CubeIDE_1.16.0/STM32CubeIDE/plugins/com.st.stm32cube.ide.mcu.externaltools.gnu-tools-for-stm32.12.3.rel1.win32_1.0.200.202406191623/tools/bin/../lib/gcc/arm-none-eabi/12.3.1/../../../../arm-none-eabi/lib/thumb/v7e-m+fp/hard\libc_nano.a(libc_a-memset.o)
                              C:/st/STM32CubeIDE_1.16.0/STM32CubeIDE/plugins/com.st.stm32cube.ide.mcu.externaltools.gnu-tools-for-stm32.12.3.rel1.win32_1.0.200.202406191623/tools/bin/../lib/gcc/arm-none-eabi/12.3.1/../../../../arm-none-eabi/lib/thumb/v7e-m+fp/hard/crt0.o (memset)
C:/st/STM32CubeIDE_1.16.0/STM32CubeIDE/plugins/com.st.stm32cube.ide.mcu.externaltools.gnu-tools-for-stm32.12.3.rel1.win32_1.0.200.202406191623/tools/bin/../lib/gcc/arm-none-eabi/12.3.1/../../../../arm-none-eabi/lib/thumb/v7e-m+fp/hard\libc_nano.a(libc_a-closer.o)
                              C:/st/STM32CubeIDE_1.16.0/STM32CubeIDE/plugins/com.st.stm32cube.ide.mcu.externaltools.gnu-tools-for-stm32.12.3.rel1.win32_1.0.200.202406191623/tools/bin/../lib/gcc/arm-none-eabi/12.3.1/../../../../arm-none-eabi/lib/thumb/v7e-m+fp/hard\libc_nano.a(libc_a-stdio.o) (_close_r)
C:/st/STM32CubeIDE_1.16.0/STM32CubeIDE/plugins/com.st.stm32cube.ide.mcu.externaltools.gnu-tools-for-stm32.12.3.rel1.win32_1.0.200.202406191623/tools/bin/../lib/gcc/arm-none-eabi/12.3.1/../../../../arm-none-eabi/lib/thumb/v7e-m+fp/hard\libc_nano.a(libc_a-reent.o)
                              C:/st/STM32CubeIDE_1.16.0/STM32CubeIDE/plugins/com.st.stm32cube.ide.mcu.externaltools.gnu-tools-for-stm32.12.3.rel1.win32_1.0.200.202406191623/tools/bin/../lib/gcc/arm-none-eabi/12.3.1/../../../../arm-none-eabi/lib/thumb/v7e-m+fp/hard\libc_nano.a(libc_a-closer.o) (errno)
C:/st/STM32CubeIDE_1.16.0/STM32CubeIDE/plugins/com.st.stm32cube.ide.mcu.externaltools.gnu-tools-for-stm32.12.3.rel1.win32_1.0.200.202406191623/tools/bin/../lib/gcc/arm-none-eabi/12.3.1/../../../../arm-none-eabi/lib/thumb/v7e-m+fp/hard\libc_nano.a(libc_a-impure.o)
                              C:/st/STM32CubeIDE_1.16.0/STM32CubeIDE/plugins/com.st.stm32cube.ide.mcu.externaltools.gnu-tools-for-stm32.12.3.rel1.win32_1.0.200.202406191623/tools/bin/../lib/gcc/arm-none-eabi/12.3.1/../../../../arm-none-eabi/lib/thumb/v7e-m+fp/hard\libc_nano.a(libc_a-reent.o) (_impure_ptr)
C:/st/STM32CubeIDE_1.16.0/STM32CubeIDE/plugins/com.st.stm32cube.ide.mcu.externaltools.gnu-tools-for-stm32.12.3.rel1.win32_1.0.200.202406191623/tools/bin/../lib/gcc/arm-none-eabi/12.3.1/../../../../arm-none-eabi/lib/thumb/v7e-m+fp/hard\libc_nano.a(libc_a-lseekr.o)
[...]
Memory Configuration

Name             Origin             Length             Attributes
RAM              0x20000000         0x00050000         xrw
RAM2             0x10000000         0x00010000         xrw
FLASH            0x08080000         0x00100000         xr
*default*        0x00000000         0xffffffff

Linker script and memory map

LOAD C:/st/STM32CubeIDE_1.16.0/STM32CubeIDE/plugins/com.st.stm32cube.ide.mcu.externaltools.gnu-tools-for-stm32.12.3.rel1.win32_1.0.200.202406191623/tools/bin/../lib/gcc/arm-none-eabi/12.3.1/thumb/v7e-m+fp/hard/crti.o
LOAD C:/st/STM32CubeIDE_1.16.0/STM32CubeIDE/plugins/com.st.stm32cube.ide.mcu.externaltools.gnu-tools-for-stm32.12.3.rel1.win32_1.0.200.202406191623/tools/bin/../lib/gcc/arm-none-eabi/12.3.1/thumb/v7e-m+fp/hard/crtbegin.o
LOAD C:/st/STM32CubeIDE_1.16.0/STM32CubeIDE/plugins/com.st.stm32cube.ide.mcu.externaltools.gnu-tools-for-stm32.12.3.rel1.win32_1.0.200.202406191623/tools/bin/../lib/gcc/arm-none-eabi/12.3.1/../../../../arm-none-eabi/lib/thumb/v7e-m+fp/hard/crt0.o
LOAD ./Core/Src/common.o
LOAD ./Core/Src/flash_if.o
LOAD ./Core/Src/main.o
LOAD ./Core/Src/menu.o
LOAD ./Core/Src/stm32l4xx_hal_msp.o
LOAD ./Core/Src/stm32l4xx_it.o
LOAD ./Core/Src/syscalls.o
LOAD ./Core/Src/sysmem.o
LOAD ./Core/Src/system_stm32l4xx.o
LOAD ./Core/Src/ymodem.o
LOAD ./Core/Startup/startup_stm32l4a6zgtx.o
LOAD ./Drivers/STM32L4xx_HAL_Driver/Src/stm32l4xx_hal.o
LOAD ./Drivers/STM32L4xx_HAL_Driver/Src/stm32l4xx_hal_cortex.o
LOAD ./Drivers/STM32L4xx_HAL_Driver/Src/stm32l4xx_hal_crc.o
LOAD ./Drivers/STM32L4xx_HAL_Driver/Src/stm32l4xx_hal_crc_ex.o
LOAD ./Drivers/STM32L4xx_HAL_Driver/Src/stm32l4xx_hal_dma.o
LOAD ./Drivers/STM32L4xx_HAL_Driver/Src/stm32l4xx_hal_dma_ex.o
LOAD ./Drivers/STM32L4xx_HAL_Driver/Src/stm32l4xx_hal_exti.o
LOAD ./Drivers/STM32L4xx_HAL_Driver/Src/stm32l4xx_hal_flash.o
LOAD ./Drivers/STM32L4xx_HAL_Driver/Src/stm32l4xx_hal_flash_ex.o
LOAD ./Drivers/STM32L4xx_HAL_Driver/Src/stm32l4xx_hal_flash_ramfunc.o
LOAD ./Drivers/STM32L4xx_HAL_Driver/Src/stm32l4xx_hal_gpio.o
LOAD ./Drivers/STM32L4xx_HAL_Driver/Src/stm32l4xx_hal_i2c.o
LOAD ./Drivers/STM32L4xx_HAL_Driver/Src/stm32l4xx_hal_i2c_ex.o
LOAD ./Drivers/STM32L4xx_HAL_Driver/Src/stm32l4xx_hal_pwr.o
LOAD ./Drivers/STM32L4xx_HAL_Driver/Src/stm32l4xx_hal_pwr_ex.o
LOAD ./Drivers/STM32L4xx_HAL_Driver/Src/stm32l4xx_hal_rcc.o
LOAD ./Drivers/STM32L4xx_HAL_Driver/Src/stm32l4xx_hal_rcc_ex.o
LOAD ./Drivers/STM32L4xx_HAL_Driver/Src/stm32l4xx_hal_tim.o
LOAD ./Drivers/STM32L4xx_HAL_Driver/Src/stm32l4xx_hal_tim_ex.o
LOAD ./Drivers/STM32L4xx_HAL_Driver/Src/stm32l4xx_hal_uart.o
LOAD ./Drivers/STM32L4xx_HAL_Driver/Src/stm32l4xx_hal_uart_ex.o
START GROUP
LOAD C:/st/STM32CubeIDE_1.16.0/STM32CubeIDE/plugins/com.st.stm32cube.ide.mcu.externaltools.gnu-tools-for-stm32.12.3.rel1.win32_1.0.200.202406191623/tools/bin/../lib/gcc/arm-none-eabi/12.3.1/../../../../arm-none-eabi/lib/thumb/v7e-m+fp/hard\libc_nano.a
LOAD C:/st/STM32CubeIDE_1.16.0/STM32CubeIDE/plugins/com.st.stm32cube.ide.mcu.externaltools.gnu-tools-for-stm32.12.3.rel1.win32_1.0.200.202406191623/tools/bin/../lib/gcc/arm-none-eabi/12.3.1/../../../../arm-none-eabi/lib/thumb/v7e-m+fp/hard\libm.a
END GROUP
START GROUP
LOAD C:/st/STM32CubeIDE_1.16.0/STM32CubeIDE/plugins/com.st.stm32cube.ide.mcu.externaltools.gnu-tools-for-stm32.12.3.rel1.win32_1.0.200.202406191623/tools/bin/../lib/gcc/arm-none-eabi/12.3.1/thumb/v7e-m+fp/hard\libgcc.a
LOAD C:/st/STM32CubeIDE_1.16.0/STM32CubeIDE/plugins/com.st.stm32cube.ide.mcu.externaltools.gnu-tools-for-stm32.12.3.rel1.win32_1.0.200.202406191623/tools/bin/../lib/gcc/arm-none-eabi/12.3.1/../../../../arm-none-eabi/lib/thumb/v7e-m+fp/hard\libc_nano.a
END GROUP
START GROUP
LOAD C:/st/STM32CubeIDE_1.16.0/STM32CubeIDE/plugins/com.st.stm32cube.ide.mcu.externaltools.gnu-tools-for-stm32.12.3.rel1.win32_1.0.200.202406191623/tools/bin/../lib/gcc/arm-none-eabi/12.3.1/thumb/v7e-m+fp/hard\libgcc.a
LOAD C:/st/STM32CubeIDE_1.16.0/STM32CubeIDE/plugins/com.st.stm32cube.ide.mcu.externaltools.gnu-tools-for-stm32.12.3.rel1.win32_1.0.200.202406191623/tools/bin/../lib/gcc/arm-none-eabi/12.3.1/../../../../arm-none-eabi/lib/thumb/v7e-m+fp/hard\libc_nano.a
LOAD C:/st/STM32CubeIDE_1.16.0/STM32CubeIDE/plugins/com.st.stm32cube.ide.mcu.externaltools.gnu-tools-for-stm32.12.3.rel1.win32_1.0.200.202406191623/tools/bin/../lib/gcc/arm-none-eabi/12.3.1/../../../../arm-none-eabi/lib/thumb/v7e-m+fp/hard\libnosys.a
END GROUP
START GROUP
LOAD C:/st/STM32CubeIDE_1.16.0/STM32CubeIDE/plugins/com.st.stm32cube.ide.mcu.externaltools.gnu-tools-for-stm32.12.3.rel1.win32_1.0.200.202406191623/tools/bin/../lib/gcc/arm-none-eabi/12.3.1/thumb/v7e-m+fp/hard\libgcc.a
LOAD C:/st/STM32CubeIDE_1.16.0/STM32CubeIDE/plugins/com.st.stm32cube.ide.mcu.externaltools.gnu-tools-for-stm32.12.3.rel1.win32_1.0.200.202406191623/tools/bin/../lib/gcc/arm-none-eabi/12.3.1/../../../../arm-none-eabi/lib/thumb/v7e-m+fp/hard\libc_nano.a
LOAD C:/st/STM32CubeIDE_1.16.0/STM32CubeIDE/plugins/com.st.stm32cube.ide.mcu.externaltools.gnu-tools-for-stm32.12.3.rel1.win32_1.0.200.202406191623/tools/bin/../lib/gcc/arm-none-eabi/12.3.1/../../../../arm-none-eabi/lib/thumb/v7e-m+fp/hard\libnosys.a
END GROUP
LOAD C:/st/STM32CubeIDE_1.16.0/STM32CubeIDE/plugins/com.st.stm32cube.ide.mcu.externaltools.gnu-tools-for-stm32.12.3.rel1.win32_1.0.200.202406191623/tools/bin/../lib/gcc/arm-none-eabi/12.3.1/thumb/v7e-m+fp/hard/crtend.o
LOAD C:/st/STM32CubeIDE_1.16.0/STM32CubeIDE/plugins/com.st.stm32cube.ide.mcu.externaltools.gnu-tools-for-stm32.12.3.rel1.win32_1.0.200.202406191623/tools/bin/../lib/gcc/arm-none-eabi/12.3.1/thumb/v7e-m+fp/hard/crtn.o
                0x20050000                        _estack = (ORIGIN (RAM) + LENGTH (RAM))
                0x00000200                        _Min_Heap_Size = 0x200
                0x00000400                        _Min_Stack_Size = 0x400

.isr_vector     0x08080000      0x1ac
                0x08080000                        . = ALIGN (0x4)
 *(.isr_vector)
 .isr_vector    0x08080000      0x1ac ./Core/Startup/startup_stm32l4a6zgtx.o
                0x08080000                g_pfnVectors
                0x080801ac                        . = ALIGN (0x4)

.text           0x080801ac     0x47ac
                0x080801ac                        . = ALIGN (0x4)
 *(.text)
 .text          0x080801ac       0x40 C:/st/STM32CubeIDE_1.16.0/STM32CubeIDE/plugins/com.st.stm32cube.ide.mcu.externaltools.gnu-tools-for-stm32.12.3.rel1.win32_1.0.200.202406191623/tools/bin/../lib/gcc/arm-none-eabi/12.3.1/thumb/v7e-m+fp/hard/crtbegin.o
 .text          0x080801ec       0x10 C:/st/STM32CubeIDE_1.16.0/STM32CubeIDE/plugins/com.st.stm32cube.ide.mcu.externaltools.gnu-tools-for-stm32.12.3.rel1.win32_1.0.200.202406191623/tools/bin/../lib/gcc/arm-none-eabi/12.3.1/../../../../arm-none-eabi/lib/thumb/v7e-m+fp/hard\libc_nano.a(libc_a-strlen.o)
                0x080801ec                strlen
 .text          0x080801fc       0x30 C:/st/STM32CubeIDE_1.16.0/STM32CubeIDE/plugins/com.st.stm32cube.ide.mcu.externaltools.gnu-tools-for-stm32.12.3.rel1.win32_1.0.200.202406191623/tools/bin/../lib/gcc/arm-none-eabi/12.3.1/thumb/v7e-m+fp/hard\libgcc.a(_aeabi_uldivmod.o)
                0x080801fc                __aeabi_uldivmod
 .text          0x0808022c      0x2bc C:/st/STM32CubeIDE_1.16.0/STM32CubeIDE/plugins/com.st.stm32cube.ide.mcu.externaltools.gnu-tools-for-stm32.12.3.rel1.win32_1.0.200.202406191623/tools/bin/../lib/gcc/arm-none-eabi/12.3.1/thumb/v7e-m+fp/hard\libgcc.a(_udivmoddi4.o)
                0x0808022c                __udivmoddi4
 .text          0x080804e8        0x4 C:/st/STM32CubeIDE_1.16.0/STM32CubeIDE/plugins/com.st.stm32cube.ide.mcu.externaltools.gnu-tools-for-stm32.12.3.rel1.win32_1.0.200.202406191623/tools/bin/../lib/gcc/arm-none-eabi/12.3.1/thumb/v7e-m+fp/hard\libgcc.a(_dvmd_tls.o)
                0x080804e8                __aeabi_idiv0
                0x080804e8                __aeabi_ldiv0
 *(.text*)
 .text.Int2Str  0x080804ec       0x98 ./Core/Src/common.o
                0x080804ec                Int2Str
 .text.Str2Int  0x08080584      0x1e8 ./Core/Src/common.o
                0x08080584                Str2Int
 .text.Serial_PutString
                0x0808076c       0x38 ./Core/Src/common.o
                0x0808076c                Serial_PutString
 .text.Serial_PutByte
                0x080807a4       0x34 ./Core/Src/common.o
                0x080807a4                Serial_PutByte
 .text.FLASH_If_Init
                0x080807d8       0x1c ./Core/Src/flash_if.o
                0x080807d8                FLASH_If_Init
 .text.FLASH_If_Erase
                0x080807f4       0xd8 ./Core/Src/flash_if.o
                0x080807f4                FLASH_If_Erase
 .text.FLASH_If_Write
                0x080808cc       0x90 ./Core/Src/flash_if.o
                0x080808cc                FLASH_If_Write
 .text.main     0x0808095c       0xf4 ./Core/Src/main.o
                0x0808095c                main
 .text.LED_Init
                0x08080a50       0x58 ./Core/Src/main.o
 .text.Button_Init
                0x08080aa8       0x54 ./Core/Src/main.o
 .text.SystemClock_Config
                0x08080afc       0xa4 ./Core/Src/main.o
                0x08080afc                SystemClock_Config
 .text.IAP_Init
                0x08080ba0       0xcc ./Core/Src/main.o
 .text.Error_Handler
                0x08080c6c        0xc ./Core/Src/main.o
                0x08080c6c                Error_Handler
 .text.SerialDownload
                0x08080c78       0xf4 ./Core/Src/menu.o
                0x08080c78                SerialDownload
 .text.Main_Menu
                0x08080d6c       0x6c ./Core/Src/menu.o
                0x08080d6c                Main_Menu
 .text.HAL_MspInit
                0x08080dd8       0x48 ./Core/Src/stm32l4xx_hal_msp.o
                0x08080dd8                HAL_MspInit
 .text.HAL_CRC_MspInit
                0x08080e20       0x40 ./Core/Src/stm32l4xx_hal_msp.o
                0x08080e20                HAL_CRC_MspInit
 .text.HAL_UART_MspInit
                0x08080e60       0xc0 ./Core/Src/stm32l4xx_hal_msp.o
                0x08080e60                HAL_UART_MspInit
 .text.NMI_Handler
                0x08080f20        0x8 ./Core/Src/stm32l4xx_it.o
                0x08080f20                NMI_Handler
 .text.HardFault_Handler
                0x08080f28        0x8 ./Core/Src/stm32l4xx_it.o
                0x08080f28                HardFault_Handler
 .text.MemManage_Handler
                0x08080f30        0x8 ./Core/Src/stm32l4xx_it.o
                0x08080f30                MemManage_Handler
 .text.BusFault_Handler
                0x08080f38        0x8 ./Core/Src/stm32l4xx_it.o
                0x08080f38                BusFault_Handler
 .text.UsageFault_Handler
                0x08080f40        0x8 ./Core/Src/stm32l4xx_it.o
                0x08080f40                UsageFault_Handler
 .text.SVC_Handler
                0x08080f48        0xe ./Core/Src/stm32l4xx_it.o
                0x08080f48                SVC_Handler
 .text.DebugMon_Handler
                0x08080f56        0xe ./Core/Src/stm32l4xx_it.o
                0x08080f56                DebugMon_Handler
 .text.PendSV_Handler
                0x08080f64        0xe ./Core/Src/stm32l4xx_it.o
                0x08080f64                PendSV_Handler
 .text.SysTick_Handler
                0x08080f72        0xc ./Core/Src/stm32l4xx_it.o
                0x08080f72                SysTick_Handler
 *fill*         0x08080f7e        0x2 
 .text.SystemInit
                0x08080f80       0x2c ./Core/Src/system_stm32l4xx.o
                0x08080f80                SystemInit
 .text.ReceivePacket
                0x08080fac      0x19c ./Core/Src/ymodem.o
 .text.Ymodem_Receive
                0x08081148      0x244 ./Core/Src/ymodem.o
                0x08081148                Ymodem_Receive
 .text.Reset_Handler
                0x0808138c       0x50 ./Core/Startup/startup_stm32l4a6zgtx.o
                0x0808138c                Reset_Handler
 .text.Default_Handler
                0x080813dc        0x2 ./Core/Startup/startup_stm32l4a6zgtx.o
                0x080813dc                RTC_Alarm_IRQHandler
                0x080813dc                HASH_RNG_IRQHandler
                0x080813dc                EXTI2_IRQHandler
                0x080813dc                TIM8_TRG_COM_IRQHandler
                0x080813dc                TIM8_CC_IRQHandler
                0x080813dc                TIM1_CC_IRQHandler
                0x080813dc                TSC_IRQHandler
                0x080813dc                TAMP_STAMP_IRQHandler
                0x080813dc                CAN2_RX1_IRQHandler
                0x080813dc                EXTI3_IRQHandler
                0x080813dc                LPTIM2_IRQHandler
                0x080813dc                DFSDM1_FLT1_IRQHandler
                0x080813dc                I2C3_ER_IRQHandler
                0x080813dc                DFSDM1_FLT2_IRQHandler
                0x080813dc                EXTI0_IRQHandler
                0x080813dc                I2C2_EV_IRQHandler
                0x080813dc                CAN1_RX0_IRQHandler
                0x080813dc                FPU_IRQHandler
                0x080813dc                TIM1_UP_TIM16_IRQHandler
                0x080813dc                CAN2_SCE_IRQHandler
                0x080813dc                ADC1_2_IRQHandler
                0x080813dc                SPI1_IRQHandler
                0x080813dc                TIM6_DAC_IRQHandler
                0x080813dc                DCMI_IRQHandler
                0x080813dc                CAN2_RX0_IRQHandler
                0x080813dc                TIM8_UP_IRQHandler
                0x080813dc                DMA2_Channel2_IRQHandler
                0x080813dc                DMA1_Channel4_IRQHandler
                0x080813dc                SAI2_IRQHandler
                0x080813dc                DFSDM1_FLT3_IRQHandler
                0x080813dc                USART3_IRQHandler
                0x080813dc                DMA1_Channel7_IRQHandler
                0x080813dc                CAN1_RX1_IRQHandler
                0x080813dc                LCD_IRQHandler
                0x080813dc                UART5_IRQHandler
                0x080813dc                ADC3_IRQHandler
                0x080813dc                TIM4_IRQHandler
                0x080813dc                DMA2_Channel1_IRQHandler
                0x080813dc                QUADSPI_IRQHandler
                0x080813dc                I2C1_EV_IRQHandler
                0x080813dc                DMA1_Channel6_IRQHandler
                0x080813dc                UART4_IRQHandler
                0x080813dc                DMA2_Channel4_IRQHandler
                0x080813dc                TIM3_IRQHandler
                0x080813dc                RCC_IRQHandler
                0x080813dc                DMA1_Channel1_IRQHandler
                0x080813dc                Default_Handler
                0x080813dc                DMA2_Channel7_IRQHandler
                0x080813dc                EXTI15_10_IRQHandler
                0x080813dc                TIM7_IRQHandler
                0x080813dc                SDMMC1_IRQHandler
                0x080813dc                CAN2_TX_IRQHandler
                0x080813dc                TIM5_IRQHandler
                0x080813dc                I2C3_EV_IRQHandler
                0x080813dc                EXTI9_5_IRQHandler
                0x080813dc                RTC_WKUP_IRQHandler
                0x080813dc                PVD_PVM_IRQHandler
                0x080813dc                SPI2_IRQHandler
                0x080813dc                CAN1_TX_IRQHandler
                0x080813dc                DMA2_Channel5_IRQHandler
                0x080813dc                CRS_IRQHandler
                0x080813dc                DMA1_Channel5_IRQHandler
                0x080813dc                EXTI4_IRQHandler
                0x080813dc                TIM1_TRG_COM_TIM17_IRQHandler
                0x080813dc                DMA1_Channel3_IRQHandler
                0x080813dc                COMP_IRQHandler
                0x080813dc                WWDG_IRQHandler
                0x080813dc                I2C4_EV_IRQHandler
                0x080813dc                LPUART1_IRQHandler
                0x080813dc                DMA2_Channel6_IRQHandler
                0x080813dc                TIM2_IRQHandler
                0x080813dc                DMA2D_IRQHandler
                0x080813dc                EXTI1_IRQHandler
                0x080813dc                AES_IRQHandler
                0x080813dc                USART2_IRQHandler
                0x080813dc                DFSDM1_FLT0_IRQHandler
                0x080813dc                I2C2_ER_IRQHandler
                0x080813dc                DMA1_Channel2_IRQHandler
                0x080813dc                TIM8_BRK_IRQHandler
                0x080813dc                CAN1_SCE_IRQHandler
                0x080813dc                FLASH_IRQHandler
                0x080813dc                USART1_IRQHandler
                0x080813dc                OTG_FS_IRQHandler
                0x080813dc                SPI3_IRQHandler
                0x080813dc                I2C1_ER_IRQHandler
                0x080813dc                FMC_IRQHandler
                0x080813dc                SWPMI1_IRQHandler
                0x080813dc                LPTIM1_IRQHandler
                0x080813dc                I2C4_ER_IRQHandler
                0x080813dc                SAI1_IRQHandler
                0x080813dc                DMA2_Channel3_IRQHandler
                0x080813dc                TIM1_BRK_TIM15_IRQHandler
 .text.HAL_Init
                0x080813de       0x30 ./Drivers/STM32L4xx_HAL_Driver/Src/stm32l4xx_hal.o
                0x080813de                HAL_Init
 *fill*         0x0808140e        0x2 
 .text.HAL_DeInit
                0x08081410       0x68 ./Drivers/STM32L4xx_HAL_Driver/Src/stm32l4xx_hal.o
                0x08081410                HAL_DeInit
 .text.HAL_MspDeInit
                0x08081478        0xe ./Drivers/STM32L4xx_HAL_Driver/Src/stm32l4xx_hal.o
                0x08081478                HAL_MspDeInit
 *fill*         0x08081486        0x2 
 .text.HAL_InitTick
                0x08081488       0x78 ./Drivers/STM32L4xx_HAL_Driver/Src/stm32l4xx_hal.o
                0x08081488                HAL_InitTick
 .text.HAL_IncTick
                0x08081500       0x28 ./Drivers/STM32L4xx_HAL_Driver/Src/stm32l4xx_hal.o
                0x08081500                HAL_IncTick
 .text.HAL_GetTick
                0x08081528       0x18 ./Drivers/STM32L4xx_HAL_Driver/Src/stm32l4xx_hal.o
                0x08081528                HAL_GetTick
 .text.__NVIC_SetPriorityGrouping
                0x08081540       0x48 ./Drivers/STM32L4xx_HAL_Driver/Src/stm32l4xx_hal_cortex.o
 .text.__NVIC_GetPriorityGrouping
                0x08081588       0x1c ./Drivers/STM32L4xx_HAL_Driver/Src/stm32l4xx_hal_cortex.o
 .text.__NVIC_SetPriority
                0x080815a4       0x54 ./Drivers/STM32L4xx_HAL_Driver/Src/stm32l4xx_hal_cortex.o
 .text.NVIC_EncodePriority
                0x080815f8       0x66 ./Drivers/STM32L4xx_HAL_Driver/Src/stm32l4xx_hal_cortex.o
 *fill*         0x0808165e        0x2 
 .text.SysTick_Config
                0x08081660       0x44 ./Drivers/STM32L4xx_HAL_Driver/Src/stm32l4xx_hal_cortex.o
 .text.HAL_NVIC_SetPriorityGrouping
                0x080816a4       0x16 ./Drivers/STM32L4xx_HAL_Driver/Src/stm32l4xx_hal_cortex.o
                0x080816a4                HAL_NVIC_SetPriorityGrouping
 .text.HAL_NVIC_SetPriority
                0x080816ba       0x38 ./Drivers/STM32L4xx_HAL_Driver/Src/stm32l4xx_hal_cortex.o
                0x080816ba                HAL_NVIC_SetPriority
 .text.HAL_SYSTICK_Config
                0x080816f2       0x18 ./Drivers/STM32L4xx_HAL_Driver/Src/stm32l4xx_hal_cortex.o
                0x080816f2                HAL_SYSTICK_Config
 *fill*         0x0808170a        0x2 
 .text.HAL_CRC_Init
                0x0808170c       0xc8 ./Drivers/STM32L4xx_HAL_Driver/Src/stm32l4xx_hal_crc.o
                0x0808170c                HAL_CRC_Init
 .text.HAL_CRC_Calculate
                0x080817d4       0x98 ./Drivers/STM32L4xx_HAL_Driver/Src/stm32l4xx_hal_crc.o
                0x080817d4                HAL_CRC_Calculate
 .text.CRC_Handle_8
                0x0808186c      0x11c ./Drivers/STM32L4xx_HAL_Driver/Src/stm32l4xx_hal_crc.o
 .text.CRC_Handle_16
                0x08081988       0x74 ./Drivers/STM32L4xx_HAL_Driver/Src/stm32l4xx_hal_crc.o
 .text.HAL_CRCEx_Polynomial_Set
                0x080819fc      0x11c ./Drivers/STM32L4xx_HAL_Driver/Src/stm32l4xx_hal_crc_ex.o
                0x080819fc                HAL_CRCEx_Polynomial_Set
 .text.HAL_FLASH_Program
                0x08081b18       0xd8 ./Drivers/STM32L4xx_HAL_Driver/Src/stm32l4xx_hal_flash.o
                0x08081b18                HAL_FLASH_Program
 .text.HAL_FLASH_Unlock
                0x08081bf0       0x44 ./Drivers/STM32L4xx_HAL_Driver/Src/stm32l4xx_hal_flash.o
                0x08081bf0                HAL_FLASH_Unlock
 .text.HAL_FLASH_Lock
                0x08081c34       0x20 ./Drivers/STM32L4xx_HAL_Driver/Src/stm32l4xx_hal_flash.o
                0x08081c34                HAL_FLASH_Lock
 .text.FLASH_WaitForLastOperation
                0x08081c54       0xac ./Drivers/STM32L4xx_HAL_Driver/Src/stm32l4xx_hal_flash.o
                0x08081c54                FLASH_WaitForLastOperation
 .text.FLASH_Program_DoubleWord
                0x08081d00       0x4c ./Drivers/STM32L4xx_HAL_Driver/Src/stm32l4xx_hal_flash.o
 .text.FLASH_Program_Fast
                0x08081d4c       0x6c ./Drivers/STM32L4xx_HAL_Driver/Src/stm32l4xx_hal_flash.o
 .text.HAL_FLASHEx_Erase
                0x08081db8      0x138 ./Drivers/STM32L4xx_HAL_Driver/Src/stm32l4xx_hal_flash_ex.o
                0x08081db8                HAL_FLASHEx_Erase
 .text.FLASH_MassErase
                0x08081ef0       0x50 ./Drivers/STM32L4xx_HAL_Driver/Src/stm32l4xx_hal_flash_ex.o
 .text.FLASH_PageErase
                0x08081f40       0x6c ./Drivers/STM32L4xx_HAL_Driver/Src/stm32l4xx_hal_flash_ex.o
                0x08081f40                FLASH_PageErase
 .text.FLASH_FlushCaches
                0x08081fac       0x94 ./Drivers/STM32L4xx_HAL_Driver/Src/stm32l4xx_hal_flash_ex.o
                0x08081fac                FLASH_FlushCaches
 .text.HAL_GPIO_Init
                0x08082040      0x324 ./Drivers/STM32L4xx_HAL_Driver/Src/stm32l4xx_hal_gpio.o
                0x08082040                HAL_GPIO_Init
 .text.HAL_GPIO_ReadPin
                0x08082364       0x30 ./Drivers/STM32L4xx_HAL_Driver/Src/stm32l4xx_hal_gpio.o
                0x08082364                HAL_GPIO_ReadPin
 .text.HAL_GPIO_WritePin
                0x08082394       0x30 ./Drivers/STM32L4xx_HAL_Driver/Src/stm32l4xx_hal_gpio.o
                0x08082394                HAL_GPIO_WritePin
 .text.HAL_PWREx_GetVoltageRange
                0x080823c4       0x1c ./Drivers/STM32L4xx_HAL_Driver/Src/stm32l4xx_hal_pwr_ex.o
                0x080823c4                HAL_PWREx_GetVoltageRange
 .text.HAL_PWREx_ControlVoltageScaling
                0x080823e0       0xac ./Drivers/STM32L4xx_HAL_Driver/Src/stm32l4xx_hal_pwr_ex.o
                0x080823e0                HAL_PWREx_ControlVoltageScaling
 .text.HAL_PWREx_EnableVddIO2
                0x0808248c       0x20 ./Drivers/STM32L4xx_HAL_Driver/Src/stm32l4xx_hal_pwr_ex.o
                0x0808248c                HAL_PWREx_EnableVddIO2
 .text.HAL_RCC_DeInit
                0x080824ac      0x144 ./Drivers/STM32L4xx_HAL_Driver/Src/stm32l4xx_hal_rcc.o
                0x080824ac                HAL_RCC_DeInit
 .text.HAL_RCC_OscConfig
                0x080825f0      0x834 ./Drivers/STM32L4xx_HAL_Driver/Src/stm32l4xx_hal_rcc.o
                0x080825f0                HAL_RCC_OscConfig
 .text.HAL_RCC_ClockConfig
                0x08082e24      0x200 ./Drivers/STM32L4xx_HAL_Driver/Src/stm32l4xx_hal_rcc.o
                0x08082e24                HAL_RCC_ClockConfig
 .text.HAL_RCC_GetSysClockFreq
                0x08083024      0x118 ./Drivers/STM32L4xx_HAL_Driver/Src/stm32l4xx_hal_rcc.o
                0x08083024                HAL_RCC_GetSysClockFreq
 .text.HAL_RCC_GetHCLKFreq
                0x0808313c       0x18 ./Drivers/STM32L4xx_HAL_Driver/Src/stm32l4xx_hal_rcc.o
                0x0808313c                HAL_RCC_GetHCLKFreq
 .text.HAL_RCC_GetPCLK1Freq
                0x08083154       0x2c ./Drivers/STM32L4xx_HAL_Driver/Src/stm32l4xx_hal_rcc.o
                0x08083154                HAL_RCC_GetPCLK1Freq
 .text.HAL_RCC_GetPCLK2Freq
                0x08083180       0x2c ./Drivers/STM32L4xx_HAL_Driver/Src/stm32l4xx_hal_rcc.o
                0x08083180                HAL_RCC_GetPCLK2Freq
 .text.RCC_SetFlashLatencyFromMSIRange
                0x080831ac       0xc0 ./Drivers/STM32L4xx_HAL_Driver/Src/stm32l4xx_hal_rcc.o
 .text.HAL_RCCEx_PeriphCLKConfig
                0x0808326c      0x5f8 ./Drivers/STM32L4xx_HAL_Driver/Src/stm32l4xx_hal_rcc_ex.o
                0x0808326c                HAL_RCCEx_PeriphCLKConfig
 .text.RCCEx_PLLSAI1_Config
                0x08083864      0x1e4 ./Drivers/STM32L4xx_HAL_Driver/Src/stm32l4xx_hal_rcc_ex.o
 .text.RCCEx_PLLSAI2_Config
                0x08083a48      0x1b8 ./Drivers/STM32L4xx_HAL_Driver/Src/stm32l4xx_hal_rcc_ex.o
 .text.HAL_UART_Init
                0x08083c00       0x9c ./Drivers/STM32L4xx_HAL_Driver/Src/stm32l4xx_hal_uart.o
                0x08083c00                HAL_UART_Init
 .text.HAL_UART_Transmit
                0x08083c9c      0x112 ./Drivers/STM32L4xx_HAL_Driver/Src/stm32l4xx_hal_uart.o
                0x08083c9c                HAL_UART_Transmit
 .text.HAL_UART_Receive
                0x08083dae      0x192 ./Drivers/STM32L4xx_HAL_Driver/Src/stm32l4xx_hal_uart.o
                0x08083dae                HAL_UART_Receive
 .text.UART_SetConfig
                0x08083f40      0x570 ./Drivers/STM32L4xx_HAL_Driver/Src/stm32l4xx_hal_uart.o
                0x08083f40                UART_SetConfig
 .text.UART_AdvFeatureConfig
                0x080844b0      0x144 ./Drivers/STM32L4xx_HAL_Driver/Src/stm32l4xx_hal_uart.o
                0x080844b0                UART_AdvFeatureConfig
 .text.UART_CheckIdleState
                0x080845f4      0x150 ./Drivers/STM32L4xx_HAL_Driver/Src/stm32l4xx_hal_uart.o
                0x080845f4                UART_CheckIdleState
 .text.UART_WaitOnFlagUntilTimeout
                0x08084744       0xda ./Drivers/STM32L4xx_HAL_Driver/Src/stm32l4xx_hal_uart.o
                0x08084744                UART_WaitOnFlagUntilTimeout
 .text.UART_EndRxTransfer
                0x0808481e       0xc8 ./Drivers/STM32L4xx_HAL_Driver/Src/stm32l4xx_hal_uart.o
 .text.memset   0x080848e6       0x10 C:/st/STM32CubeIDE_1.16.0/STM32CubeIDE/plugins/com.st.stm32cube.ide.mcu.externaltools.gnu-tools-for-stm32.12.3.rel1.win32_1.0.200.202406191623/tools/bin/../lib/gcc/arm-none-eabi/12.3.1/../../../../arm-none-eabi/lib/thumb/v7e-m+fp/hard\libc_nano.a(libc_a-memset.o)
                0x080848e6                memset
 *fill*         0x080848f6        0x2 
 .text.__libc_init_array
                0x080848f8       0x48 C:/st/STM32CubeIDE_1.16.0/STM32CubeIDE/plugins/com.st.stm32cube.ide.mcu.externaltools.gnu-tools-for-stm32.12.3.rel1.win32_1.0.200.202406191623/tools/bin/../lib/gcc/arm-none-eabi/12.3.1/../../../../arm-none-eabi/lib/thumb/v7e-m+fp/hard\libc_nano.a(libc_a-init.o)
                0x080848f8                __libc_init_array
 *(.glue_7)
 .glue_7        0x08084940        0x0 linker stubs
 *(.glue_7t)
 .glue_7t       0x08084940        0x0 linker stubs
 *(.eh_frame)
 .eh_frame      0x08084940        0x0 C:/st/STM32CubeIDE_1.16.0/STM32CubeIDE/plugins/com.st.stm32cube.ide.mcu.externaltools.gnu-tools-for-stm32.12.3.rel1.win32_1.0.200.202406191623/tools/bin/../lib/gcc/arm-none-eabi/12.3.1/thumb/v7e-m+fp/hard/crtbegin.o
 *(.init)
 .init          0x08084940        0x4 C:/st/STM32CubeIDE_1.16.0/STM32CubeIDE/plugins/com.st.stm32cube.ide.mcu.externaltools.gnu-tools-for-stm32.12.3.rel1.win32_1.0.200.202406191623/tools/bin/../lib/gcc/arm-none-eabi/12.3.1/thumb/v7e-m+fp/hard/crti.o
                0x08084940                _init
 .init          0x08084944        0x8 C:/st/STM32CubeIDE_1.16.0/STM32CubeIDE/plugins/com.st.stm32cube.ide.mcu.externaltools.gnu-tools-for-stm32.12.3.rel1.win32_1.0.200.202406191623/tools/bin/../lib/gcc/arm-none-eabi/12.3.1/thumb/v7e-m+fp/hard/crtn.o
 *(.fini)
 .fini          0x0808494c        0x4 C:/st/STM32CubeIDE_1.16.0/STM32CubeIDE/plugins/com.st.stm32cube.ide.mcu.externaltools.gnu-tools-for-stm32.12.3.rel1.win32_1.0.200.202406191623/tools/bin/../lib/gcc/arm-none-eabi/12.3.1/thumb/v7e-m+fp/hard/crti.o
                0x0808494c                _fini
 .fini          0x08084950        0x8 C:/st/STM32CubeIDE_1.16.0/STM32CubeIDE/plugins/com.st.stm32cube.ide.mcu.externaltools.gnu-tools-for-stm32.12.3.rel1.win32_1.0.200.202406191623/tools/bin/../lib/gcc/arm-none-eabi/12.3.1/thumb/v7e-m+fp/hard/crtn.o
                0x08084958                        . = ALIGN (0x4)
                0x08084958                        _etext = .

.vfp11_veneer   0x08084958        0x0
 .vfp11_veneer  0x08084958        0x0 linker stubs

.v4_bx          0x08084958        0x0
 .v4_bx         0x08084958        0x0 linker stubs

.iplt           0x08084958        0x0
 .iplt          0x08084958        0x0 C:/st/STM32CubeIDE_1.16.0/STM32CubeIDE/plugins/com.st.stm32cube.ide.mcu.externaltools.gnu-tools-for-stm32.12.3.rel1.win32_1.0.200.202406191623/tools/bin/../lib/gcc/arm-none-eabi/12.3.1/thumb/v7e-m+fp/hard/crtbegin.o

.rodata         0x08084958      0x210
                0x08084958                        . = ALIGN (0x4)
 *(.rodata)
 .rodata        0x08084958       0x16 ./Core/Src/main.o
 *fill*         0x0808496e        0x2 
 .rodata        0x08084970      0x1af ./Core/Src/menu.o
 *(.rodata*)
 *fill*         0x08084b1f        0x1 
 .rodata.AHBPrescTable
                0x08084b20       0x10 ./Core/Src/system_stm32l4xx.o
                0x08084b20                AHBPrescTable
 .rodata.APBPrescTable
                0x08084b30        0x8 ./Core/Src/system_stm32l4xx.o
                0x08084b30                APBPrescTable
 .rodata.MSIRangeTable
                0x08084b38       0x30 ./Core/Src/system_stm32l4xx.o
                0x08084b38                MSIRangeTable
                0x08084b68                        . = ALIGN (0x4)

.ARM.extab      0x08084b68        0x0
                0x08084b68                        . = ALIGN (0x4)
 *(.ARM.extab* .gnu.linkonce.armextab.*)
                0x08084b68                        . = ALIGN (0x4)

.ARM            0x08084b68        0x8
                0x08084b68                        . = ALIGN (0x4)
                0x08084b68                        __exidx_start = .
 *(.ARM.exidx*)
 .ARM.exidx     0x08084b68        0x8 C:/st/STM32CubeIDE_1.16.0/STM32CubeIDE/plugins/com.st.stm32cube.ide.mcu.externaltools.gnu-tools-for-stm32.12.3.rel1.win32_1.0.200.202406191623/tools/bin/../lib/gcc/arm-none-eabi/12.3.1/../../../../arm-none-eabi/lib/thumb/v7e-m+fp/hard\libc_nano.a(libc_a-strlen.o)
 .ARM.exidx     0x08084b70        0x0 C:/st/STM32CubeIDE_1.16.0/STM32CubeIDE/plugins/com.st.stm32cube.ide.mcu.externaltools.gnu-tools-for-stm32.12.3.rel1.win32_1.0.200.202406191623/tools/bin/../lib/gcc/arm-none-eabi/12.3.1/thumb/v7e-m+fp/hard\libgcc.a(_udivmoddi4.o)
                                  0x8 (size before relaxing)
                0x08084b70                        __exidx_end = .
                0x08084b70                        . = ALIGN (0x4)

.preinit_array  0x08084b70        0x0
                0x08084b70                        . = ALIGN (0x4)
                0x08084b70                        PROVIDE (__preinit_array_start = .)
 *(.preinit_array*)
                0x08084b70                        PROVIDE (__preinit_array_end = .)
                0x08084b70                        . = ALIGN (0x4)

.init_array     0x08084b70        0x4
                0x08084b70                        . = ALIGN (0x4)
                0x08084b70                        PROVIDE (__init_array_start = .)
 *(SORT_BY_NAME(.init_array.*))
 *(.init_array*)
 .init_array    0x08084b70        0x4 C:/st/STM32CubeIDE_1.16.0/STM32CubeIDE/plugins/com.st.stm32cube.ide.mcu.externaltools.gnu-tools-for-stm32.12.3.rel1.win32_1.0.200.202406191623/tools/bin/../lib/gcc/arm-none-eabi/12.3.1/thumb/v7e-m+fp/hard/crtbegin.o
                0x08084b74                        PROVIDE (__init_array_end = .)
                0x08084b74                        . = ALIGN (0x4)

.fini_array     0x08084b74        0x4
                0x08084b74                        . = ALIGN (0x4)
                [!provide]                        PROVIDE (__fini_array_start = .)
 *(SORT_BY_NAME(.fini_array.*))
 *(.fini_array*)
 .fini_array    0x08084b74        0x4 C:/st/STM32CubeIDE_1.16.0/STM32CubeIDE/plugins/com.st.stm32cube.ide.mcu.externaltools.gnu-tools-for-stm32.12.3.rel1.win32_1.0.200.202406191623/tools/bin/../lib/gcc/arm-none-eabi/12.3.1/thumb/v7e-m+fp/hard/crtbegin.o
                [!provide]                        PROVIDE (__fini_array_end = .)
                0x08084b78                        . = ALIGN (0x4)
                0x08084b78                        _sidata = LOADADDR (.data)

.rel.dyn        0x08084b78        0x0
 .rel.iplt      0x08084b78        0x0 C:/st/STM32CubeIDE_1.16.0/STM32CubeIDE/plugins/com.st.stm32cube.ide.mcu.externaltools.gnu-tools-for-stm32.12.3.rel1.win32_1.0.200.202406191623/tools/bin/../lib/gcc/arm-none-eabi/12.3.1/thumb/v7e-m+fp/hard/crtbegin.o

.data           0x20000000       0x2c load address 0x08084b78
                0x20000000                        . = ALIGN (0x4)
                0x20000000                        _sdata = .
 *(.data)
 *(.data*)
 .data.SystemCoreClock
                0x20000000        0x4 ./Core/Src/system_stm32l4xx.o
                0x20000000                SystemCoreClock
 .data.uwTickPrio
                0x20000004        0x4 ./Drivers/STM32L4xx_HAL_Driver/Src/stm32l4xx_hal.o
                0x20000004                uwTickPrio
 .data.uwTickFreq
                0x20000008        0x1 ./Drivers/STM32L4xx_HAL_Driver/Src/stm32l4xx_hal.o
                0x20000008                uwTickFreq
 *fill*         0x20000009        0x3 
 .data.pFlash   0x2000000c       0x20 ./Drivers/STM32L4xx_HAL_Driver/Src/stm32l4xx_hal_flash.o
                0x2000000c                pFlash
 *(.RamFunc)
 *(.RamFunc*)
                0x2000002c                        . = ALIGN (0x4)
                0x2000002c                        _edata = .

.igot.plt       0x2000002c        0x0 load address 0x08084ba4
 .igot.plt      0x2000002c        0x0 C:/st/STM32CubeIDE_1.16.0/STM32CubeIDE/plugins/com.st.stm32cube.ide.mcu.externaltools.gnu-tools-for-stm32.12.3.rel1.win32_1.0.200.202406191623/tools/bin/../lib/gcc/arm-none-eabi/12.3.1/thumb/v7e-m+fp/hard/crtbegin.o
                0x2000002c                        . = ALIGN (0x4)

.bss            0x2000002c      0x51c load address 0x08084ba4
                0x2000002c                        _sbss = .
                0x2000002c                        __bss_start__ = _sbss
 *(.bss)
 .bss           0x2000002c       0x1c C:/st/STM32CubeIDE_1.16.0/STM32CubeIDE/plugins/com.st.stm32cube.ide.mcu.externaltools.gnu-tools-for-stm32.12.3.rel1.win32_1.0.200.202406191623/tools/bin/../lib/gcc/arm-none-eabi/12.3.1/thumb/v7e-m+fp/hard/crtbegin.o
 *(.bss*)
 .bss.hlpuart1  0x20000048       0x88 ./Core/Src/main.o
                0x20000048                hlpuart1
 .bss.CrcHandle
                0x200000d0       0x24 ./Core/Src/main.o
                0x200000d0                CrcHandle
 .bss.JumpToApplication
                0x200000f4        0x4 ./Core/Src/menu.o
                0x200000f4                JumpToApplication
 .bss.JumpAddress
                0x200000f8        0x4 ./Core/Src/menu.o
                0x200000f8                JumpAddress
 .bss.aFileName
                0x200000fc       0x40 ./Core/Src/menu.o
                0x200000fc                aFileName
 .bss.aPacketData
                0x2000013c      0x406 ./Core/Src/ymodem.o
                0x2000013c                aPacketData
 *fill*         0x20000542        0x2 
 .bss.uwTick    0x20000544        0x4 ./Drivers/STM32L4xx_HAL_Driver/Src/stm32l4xx_hal.o
                0x20000544                uwTick
 *(COMMON)
                0x20000548                        . = ALIGN (0x4)
                0x20000548                        _ebss = .
                0x20000548                        __bss_end__ = _ebss

._user_heap_stack
                0x20000548      0x600 load address 0x08084ba4
                0x20000548                        . = ALIGN (0x8)
                [!provide]                        PROVIDE (end = .)
                0x20000548                        PROVIDE (_end = .)
                0x20000748                        . = (. + _Min_Heap_Size)
 *fill*         0x20000548      0x200 
                0x20000b48                        . = (. + _Min_Stack_Size)
 *fill*         0x20000748      0x400 
                0x20000b48                        . = ALIGN (0x8)

/DISCARD/
 libc.a(*)
 libm.a(*)
 libgcc.a(*)

.ARM.attributes
                0x00000000       0x30
 *(.ARM.attributes)
 .ARM.attributes
                0x00000000       0x22 C:/st/STM32CubeIDE_1.16.0/STM32CubeIDE/plugins/com.st.stm32cube.ide.mcu.externaltools.gnu-tools-for-stm32.12.3.rel1.win32_1.0.200.202406191623/tools/bin/../lib/gcc/arm-none-eabi/12.3.1/thumb/v7e-m+fp/hard/crti.o
 .ARM.attributes
                0x00000022       0x34 C:/st/STM32CubeIDE_1.16.0/STM32CubeIDE/plugins/com.st.stm32cube.ide.mcu.externaltools.gnu-tools-for-stm32.12.3.rel1.win32_1.0.200.202406191623/tools/bin/../lib/gcc/arm-none-eabi/12.3.1/thumb/v7e-m+fp/hard/crtbegin.o
 .ARM.attributes
                0x00000056       0x34 ./Core/Src/common.o
 .ARM.attributes
                0x0000008a       0x34 ./Core/Src/flash_if.o
 .ARM.attributes
                0x000000be       0x34 ./Core/Src/main.o
 .ARM.attributes
                0x000000f2       0x34 ./Core/Src/menu.o
 .ARM.attributes
                0x00000126       0x34 ./Core/Src/stm32l4xx_hal_msp.o
 .ARM.attributes
                0x0000015a       0x34 ./Core/Src/stm32l4xx_it.o
 .ARM.attributes
                0x0000018e       0x34 ./Core/Src/system_stm32l4xx.o
 .ARM.attributes
                0x000001c2       0x34 ./Core/Src/ymodem.o
 .ARM.attributes
                0x000001f6       0x21 ./Core/Startup/startup_stm32l4a6zgtx.o
 .ARM.attributes
                0x00000217       0x34 ./Drivers/STM32L4xx_HAL_Driver/Src/stm32l4xx_hal.o
 .ARM.attributes
                0x0000024b       0x34 ./Drivers/STM32L4xx_HAL_Driver/Src/stm32l4xx_hal_cortex.o
 .ARM.attributes
                0x0000027f       0x34 ./Drivers/STM32L4xx_HAL_Driver/Src/stm32l4xx_hal_crc.o
 .ARM.attributes
                0x000002b3       0x34 ./Drivers/STM32L4xx_HAL_Driver/Src/stm32l4xx_hal_crc_ex.o
 .ARM.attributes
                0x000002e7       0x34 ./Drivers/STM32L4xx_HAL_Driver/Src/stm32l4xx_hal_flash.o
 .ARM.attributes
                0x0000031b       0x34 ./Drivers/STM32L4xx_HAL_Driver/Src/stm32l4xx_hal_flash_ex.o
 .ARM.attributes
                0x0000034f       0x34 ./Drivers/STM32L4xx_HAL_Driver/Src/stm32l4xx_hal_gpio.o
 .ARM.attributes
                0x00000383       0x34 ./Drivers/STM32L4xx_HAL_Driver/Src/stm32l4xx_hal_pwr_ex.o
 .ARM.attributes
                0x000003b7       0x34 ./Drivers/STM32L4xx_HAL_Driver/Src/stm32l4xx_hal_rcc.o
 .ARM.attributes
                0x000003eb       0x34 ./Drivers/STM32L4xx_HAL_Driver/Src/stm32l4xx_hal_rcc_ex.o
 .ARM.attributes
                0x0000041f       0x34 ./Drivers/STM32L4xx_HAL_Driver/Src/stm32l4xx_hal_uart.o
 .ARM.attributes
                0x00000453       0x34 C:/st/STM32CubeIDE_1.16.0/STM32CubeIDE/plugins/com.st.stm32cube.ide.mcu.externaltools.gnu-tools-for-stm32.12.3.rel1.win32_1.0.200.202406191623/tools/bin/../lib/gcc/arm-none-eabi/12.3.1/../../../../arm-none-eabi/lib/thumb/v7e-m+fp/hard\libc_nano.a(libc_a-memset.o)
 .ARM.attributes
                0x00000487       0x34 C:/st/STM32CubeIDE_1.16.0/STM32CubeIDE/plugins/com.st.stm32cube.ide.mcu.externaltools.gnu-tools-for-stm32.12.3.rel1.win32_1.0.200.202406191623/tools/bin/../lib/gcc/arm-none-eabi/12.3.1/../../../../arm-none-eabi/lib/thumb/v7e-m+fp/hard\libc_nano.a(libc_a-init.o)
 .ARM.attributes
                0x000004bb       0x17 C:/st/STM32CubeIDE_1.16.0/STM32CubeIDE/plugins/com.st.stm32cube.ide.mcu.externaltools.gnu-tools-for-stm32.12.3.rel1.win32_1.0.200.202406191623/tools/bin/../lib/gcc/arm-none-eabi/12.3.1/../../../../arm-none-eabi/lib/thumb/v7e-m+fp/hard\libc_nano.a(libc_a-strlen.o)
 .ARM.attributes
                0x000004d2       0x22 C:/st/STM32CubeIDE_1.16.0/STM32CubeIDE/plugins/com.st.stm32cube.ide.mcu.externaltools.gnu-tools-for-stm32.12.3.rel1.win32_1.0.200.202406191623/tools/bin/../lib/gcc/arm-none-eabi/12.3.1/thumb/v7e-m+fp/hard\libgcc.a(_aeabi_uldivmod.o)
 .ARM.attributes
                0x000004f4       0x34 C:/st/STM32CubeIDE_1.16.0/STM32CubeIDE/plugins/com.st.stm32cube.ide.mcu.externaltools.gnu-tools-for-stm32.12.3.rel1.win32_1.0.200.202406191623/tools/bin/../lib/gcc/arm-none-eabi/12.3.1/thumb/v7e-m+fp/hard\libgcc.a(_udivmoddi4.o)
 .ARM.attributes
                0x00000528       0x22 C:/st/STM32CubeIDE_1.16.0/STM32CubeIDE/plugins/com.st.stm32cube.ide.mcu.externaltools.gnu-tools-for-stm32.12.3.rel1.win32_1.0.200.202406191623/tools/bin/../lib/gcc/arm-none-eabi/12.3.1/thumb/v7e-m+fp/hard\libgcc.a(_dvmd_tls.o)
 .ARM.attributes
                0x0000054a       0x22 C:/st/STM32CubeIDE_1.16.0/STM32CubeIDE/plugins/com.st.stm32cube.ide.mcu.externaltools.gnu-tools-for-stm32.12.3.rel1.win32_1.0.200.202406191623/tools/bin/../lib/gcc/arm-none-eabi/12.3.1/thumb/v7e-m+fp/hard/crtn.o
OUTPUT(menu.elf elf32-littlearm)
LOAD linker stubs
LOAD C:/st/STM32CubeIDE_1.16.0/STM32CubeIDE/plugins/com.st.stm32cube.ide.mcu.externaltools.gnu-tools-for-stm32.12.3.rel1.win32_1.0.200.202406191623/tools/bin/../lib/gcc/arm-none-eabi/12.3.1/../../../../arm-none-eabi/lib/thumb/v7e-m+fp/hard\libc.a
LOAD C:/st/STM32CubeIDE_1.16.0/STM32CubeIDE/plugins/com.st.stm32cube.ide.mcu.externaltools.gnu-tools-for-stm32.12.3.rel1.win32_1.0.200.202406191623/tools/bin/../lib/gcc/arm-none-eabi/12.3.1/../../../../arm-none-eabi/lib/thumb/v7e-m+fp/hard\libm.a
LOAD C:/st/STM32CubeIDE_1.16.0/STM32CubeIDE/plugins/com.st.stm32cube.ide.mcu.externaltools.gnu-tools-for-stm32.12.3.rel1.win32_1.0.200.202406191623/tools/bin/../lib/gcc/arm-none-eabi/12.3.1/thumb/v7e-m+fp/hard\libgcc.a

.debug_info     0x00000000     0xde68
 .debug_info    0x00000000      0x7ec ./Core/Src/common.o
 .debug_info    0x000007ec      0x512 ./Core/Src/flash_if.o
 .debug_info    0x00000cfe     0x1063 ./Core/Src/main.o
 .debug_info    0x00001d61      0x275 ./Core/Src/menu.o
 .debug_info    0x00001fd6      0xf2f ./Core/Src/stm32l4xx_hal_msp.o
 .debug_info    0x00002f05      0x113 ./Core/Src/stm32l4xx_it.o
 .debug_info    0x00003018      0x5cd ./Core/Src/system_stm32l4xx.o
 .debug_info    0x000035e5      0xe56 ./Core/Src/ymodem.o
 .debug_info    0x0000443b       0x30 ./Core/Startup/startup_stm32l4a6zgtx.o
 .debug_info    0x0000446b      0xb51 ./Drivers/STM32L4xx_HAL_Driver/Src/stm32l4xx_hal.o
 .debug_info    0x00004fbc      0xdbd ./Drivers/STM32L4xx_HAL_Driver/Src/stm32l4xx_hal_cortex.o
 .debug_info    0x00005d79      0x530 ./Drivers/STM32L4xx_HAL_Driver/Src/stm32l4xx_hal_crc.o
 .debug_info    0x000062a9      0x35b ./Drivers/STM32L4xx_HAL_Driver/Src/stm32l4xx_hal_crc_ex.o
 .debug_info    0x00006604      0x6ad ./Drivers/STM32L4xx_HAL_Driver/Src/stm32l4xx_hal_flash.o
 .debug_info    0x00006cb1      0x831 ./Drivers/STM32L4xx_HAL_Driver/Src/stm32l4xx_hal_flash_ex.o
 .debug_info    0x000074e2      0x76f ./Drivers/STM32L4xx_HAL_Driver/Src/stm32l4xx_hal_gpio.o
 .debug_info    0x00007c51      0x996 ./Drivers/STM32L4xx_HAL_Driver/Src/stm32l4xx_hal_pwr_ex.o
 .debug_info    0x000085e7      0xc3b ./Drivers/STM32L4xx_HAL_Driver/Src/stm32l4xx_hal_rcc.o
 .debug_info    0x00009222     0x10c1 ./Drivers/STM32L4xx_HAL_Driver/Src/stm32l4xx_hal_rcc_ex.o
 .debug_info    0x0000a2e3     0x3b85 ./Drivers/STM32L4xx_HAL_Driver/Src/stm32l4xx_hal_uart.o

.debug_abbrev   0x00000000     0x2868
 .debug_abbrev  0x00000000      0x1cf ./Core/Src/common.o
 .debug_abbrev  0x000001cf      0x1f4 ./Core/Src/flash_if.o
 .debug_abbrev  0x000003c3      0x2db ./Core/Src/main.o
 .debug_abbrev  0x0000069e      0x167 ./Core/Src/menu.o
 .debug_abbrev  0x00000805      0x202 ./Core/Src/stm32l4xx_hal_msp.o
 .debug_abbrev  0x00000a07       0x73 ./Core/Src/stm32l4xx_it.o
 .debug_abbrev  0x00000a7a      0x11a ./Core/Src/system_stm32l4xx.o
 .debug_abbrev  0x00000b94      0x2a9 ./Core/Src/ymodem.o
 .debug_abbrev  0x00000e3d       0x24 ./Core/Startup/startup_stm32l4a6zgtx.o
 .debug_abbrev  0x00000e61      0x242 ./Drivers/STM32L4xx_HAL_Driver/Src/stm32l4xx_hal.o
 .debug_abbrev  0x000010a3      0x31c ./Drivers/STM32L4xx_HAL_Driver/Src/stm32l4xx_hal_cortex.o
 .debug_abbrev  0x000013bf      0x1ee ./Drivers/STM32L4xx_HAL_Driver/Src/stm32l4xx_hal_crc.o
 .debug_abbrev  0x000015ad      0x151 ./Drivers/STM32L4xx_HAL_Driver/Src/stm32l4xx_hal_crc_ex.o
 .debug_abbrev  0x000016fe      0x324 ./Drivers/STM32L4xx_HAL_Driver/Src/stm32l4xx_hal_flash.o
 .debug_abbrev  0x00001a22      0x244 ./Drivers/STM32L4xx_HAL_Driver/Src/stm32l4xx_hal_flash_ex.o
 .debug_abbrev  0x00001c66      0x1cb ./Drivers/STM32L4xx_HAL_Driver/Src/stm32l4xx_hal_gpio.o
 .debug_abbrev  0x00001e31      0x1f9 ./Drivers/STM32L4xx_HAL_Driver/Src/stm32l4xx_hal_pwr_ex.o
 .debug_abbrev  0x0000202a      0x2cb ./Drivers/STM32L4xx_HAL_Driver/Src/stm32l4xx_hal_rcc.o
 .debug_abbrev  0x000022f5      0x2a3 ./Drivers/STM32L4xx_HAL_Driver/Src/stm32l4xx_hal_rcc_ex.o
 .debug_abbrev  0x00002598      0x2d0 ./Drivers/STM32L4xx_HAL_Driver/Src/stm32l4xx_hal_uart.o

.debug_aranges  0x00000000      0xba8
 .debug_aranges
                0x00000000       0x38 ./Core/Src/common.o
 .debug_aranges
                0x00000038       0x40 ./Core/Src/flash_if.o
 .debug_aranges
                0x00000078       0x58 ./Core/Src/main.o
 .debug_aranges
                0x000000d0       0x28 ./Core/Src/menu.o
 .debug_aranges
                0x000000f8       0x40 ./Core/Src/stm32l4xx_hal_msp.o
 .debug_aranges
                0x00000138       0x60 ./Core/Src/stm32l4xx_it.o
 .debug_aranges
                0x00000198       0x28 ./Core/Src/system_stm32l4xx.o
 .debug_aranges
                0x000001c0       0x58 ./Core/Src/ymodem.o
 .debug_aranges
                0x00000218       0x28 ./Core/Startup/startup_stm32l4a6zgtx.o
 .debug_aranges
                0x00000240      0x130 ./Drivers/STM32L4xx_HAL_Driver/Src/stm32l4xx_hal.o
 .debug_aranges
                0x00000370      0x128 ./Drivers/STM32L4xx_HAL_Driver/Src/stm32l4xx_hal_cortex.o
 .debug_aranges
                0x00000498       0x60 ./Drivers/STM32L4xx_HAL_Driver/Src/stm32l4xx_hal_crc.o
 .debug_aranges
                0x000004f8       0x30 ./Drivers/STM32L4xx_HAL_Driver/Src/stm32l4xx_hal_crc_ex.o
 .debug_aranges
                0x00000528       0x88 ./Drivers/STM32L4xx_HAL_Driver/Src/stm32l4xx_hal_flash.o
 .debug_aranges
                0x000005b0       0x90 ./Drivers/STM32L4xx_HAL_Driver/Src/stm32l4xx_hal_flash_ex.o
 .debug_aranges
                0x00000640       0x58 ./Drivers/STM32L4xx_HAL_Driver/Src/stm32l4xx_hal_gpio.o
 .debug_aranges
                0x00000698      0x150 ./Drivers/STM32L4xx_HAL_Driver/Src/stm32l4xx_hal_pwr_ex.o
 .debug_aranges
                0x000007e8       0x90 ./Drivers/STM32L4xx_HAL_Driver/Src/stm32l4xx_hal_rcc.o
 .debug_aranges
                0x00000878      0x108 ./Drivers/STM32L4xx_HAL_Driver/Src/stm32l4xx_hal_rcc_ex.o
 .debug_aranges
                0x00000980      0x228 ./Drivers/STM32L4xx_HAL_Driver/Src/stm32l4xx_hal_uart.o

.debug_rnglists
                0x00000000      0x8dc
 .debug_rnglists
                0x00000000       0x27 ./Core/Src/common.o
 .debug_rnglists
                0x00000027       0x2f ./Core/Src/flash_if.o
 .debug_rnglists
                0x00000056       0x40 ./Core/Src/main.o
 .debug_rnglists
                0x00000096       0x1a ./Core/Src/menu.o
 .debug_rnglists
                0x000000b0       0x2c ./Core/Src/stm32l4xx_hal_msp.o
 .debug_rnglists
                0x000000dc       0x43 ./Core/Src/stm32l4xx_it.o
 .debug_rnglists
                0x0000011f       0x1a ./Core/Src/system_stm32l4xx.o
 .debug_rnglists
                0x00000139       0x42 ./Core/Src/ymodem.o
 .debug_rnglists
                0x0000017b       0x19 ./Core/Startup/startup_stm32l4a6zgtx.o
 .debug_rnglists
                0x00000194       0xdf ./Drivers/STM32L4xx_HAL_Driver/Src/stm32l4xx_hal.o
 .debug_rnglists
                0x00000273       0xda ./Drivers/STM32L4xx_HAL_Driver/Src/stm32l4xx_hal_cortex.o
 .debug_rnglists
                0x0000034d       0x47 ./Drivers/STM32L4xx_HAL_Driver/Src/stm32l4xx_hal_crc.o
 .debug_rnglists
                0x00000394       0x20 ./Drivers/STM32L4xx_HAL_Driver/Src/stm32l4xx_hal_crc_ex.o
 .debug_rnglists
                0x000003b4       0x65 ./Drivers/STM32L4xx_HAL_Driver/Src/stm32l4xx_hal_flash.o
 .debug_rnglists
                0x00000419       0x71 ./Drivers/STM32L4xx_HAL_Driver/Src/stm32l4xx_hal_flash_ex.o
 .debug_rnglists
                0x0000048a       0x3f ./Drivers/STM32L4xx_HAL_Driver/Src/stm32l4xx_hal_gpio.o
 .debug_rnglists
                0x000004c9       0xfd ./Drivers/STM32L4xx_HAL_Driver/Src/stm32l4xx_hal_pwr_ex.o
 .debug_rnglists
                0x000005c6       0x6d ./Drivers/STM32L4xx_HAL_Driver/Src/stm32l4xx_hal_rcc.o
 .debug_rnglists
                0x00000633       0xce ./Drivers/STM32L4xx_HAL_Driver/Src/stm32l4xx_hal_rcc_ex.o
 .debug_rnglists
                0x00000701      0x1db ./Drivers/STM32L4xx_HAL_Driver/Src/stm32l4xx_hal_uart.o

.debug_macro    0x00000000    0x297e2
 .debug_macro   0x00000000      0x1d8 ./Core/Src/common.o
 .debug_macro   0x000001d8      0xab4 ./Core/Src/common.o
 .debug_macro   0x00000c8c       0x2e ./Core/Src/common.o
 .debug_macro   0x00000cba       0x28 ./Core/Src/common.o
 .debug_macro   0x00000ce2       0x22 ./Core/Src/common.o
 .debug_macro   0x00000d04       0x8e ./Core/Src/common.o
 .debug_macro   0x00000d92       0x51 ./Core/Src/common.o
 .debug_macro   0x00000de3      0x103 ./Core/Src/common.o
 .debug_macro   0x00000ee6       0x6a ./Core/Src/common.o
 .debug_macro   0x00000f50      0x1df ./Core/Src/common.o
 .debug_macro   0x0000112f       0x1c ./Core/Src/common.o
 .debug_macro   0x0000114b       0x22 ./Core/Src/common.o
 .debug_macro   0x0000116d       0xfb ./Core/Src/common.o
 .debug_macro   0x00001268     0x1011 ./Core/Src/common.o
 .debug_macro   0x00002279      0x11f ./Core/Src/common.o
 .debug_macro   0x00002398    0x1c8c1 ./Core/Src/common.o
 .debug_macro   0x0001ec59       0x6d ./Core/Src/common.o
 .debug_macro   0x0001ecc6      0x1a7 ./Core/Src/common.o
 .debug_macro   0x0001ee6d     0x38fb ./Core/Src/common.o
 .debug_macro   0x00022768      0x189 ./Core/Src/common.o
 .debug_macro   0x000228f1       0x5c ./Core/Src/common.o
 .debug_macro   0x0002294d     0x1909 ./Core/Src/common.o
 .debug_macro   0x00024256      0x773 ./Core/Src/common.o
 .debug_macro   0x000249c9      0x1b9 ./Core/Src/common.o
 .debug_macro   0x00024b82      0x202 ./Core/Src/common.o
 .debug_macro   0x00024d84      0x26b ./Core/Src/common.o
 .debug_macro   0x00024fef      0x23d ./Core/Src/common.o
 .debug_macro   0x0002522c       0xc7 ./Core/Src/common.o
 .debug_macro   0x000252f3       0x4c ./Core/Src/common.o
 .debug_macro   0x0002533f      0x241 ./Core/Src/common.o
 .debug_macro   0x00025580      0x3ad ./Core/Src/common.o
 .debug_macro   0x0002592d       0xe4 ./Core/Src/common.o
 .debug_macro   0x00025a11      0x122 ./Core/Src/common.o
 .debug_macro   0x00025b33      0x3ef ./Core/Src/common.o
 .debug_macro   0x00025f22      0x5cf ./Core/Src/common.o
 .debug_macro   0x000264f1       0x44 ./Core/Src/common.o
 .debug_macro   0x00026535      0x433 ./Core/Src/common.o
 .debug_macro   0x00026968       0x40 ./Core/Src/common.o
 .debug_macro   0x000269a8       0x16 ./Core/Src/common.o
 .debug_macro   0x000269be      0x1e1 ./Core/Src/flash_if.o
 .debug_macro   0x00026b9f       0x2e ./Core/Src/flash_if.o
 .debug_macro   0x00026bcd      0x2c3 ./Core/Src/main.o
 .debug_macro   0x00026e90       0x10 ./Core/Src/main.o
 .debug_macro   0x00026ea0       0x34 ./Core/Src/main.o
 .debug_macro   0x00026ed4       0x9a ./Core/Src/main.o
 .debug_macro   0x00026f6e       0x61 ./Core/Src/main.o
 .debug_macro   0x00026fcf       0x2a ./Core/Src/main.o
 .debug_macro   0x00026ff9       0x43 ./Core/Src/main.o
 .debug_macro   0x0002703c       0x34 ./Core/Src/main.o
 .debug_macro   0x00027070       0x16 ./Core/Src/main.o
 .debug_macro   0x00027086       0x35 ./Core/Src/main.o
 .debug_macro   0x000270bb      0x369 ./Core/Src/main.o
 .debug_macro   0x00027424       0x10 ./Core/Src/main.o
 .debug_macro   0x00027434       0x16 ./Core/Src/main.o
 .debug_macro   0x0002744a       0x43 ./Core/Src/main.o
 .debug_macro   0x0002748d       0x34 ./Core/Src/main.o
 .debug_macro   0x000274c1       0x10 ./Core/Src/main.o
 .debug_macro   0x000274d1       0x58 ./Core/Src/main.o
 .debug_macro   0x00027529       0x8e ./Core/Src/main.o
 .debug_macro   0x000275b7       0x1c ./Core/Src/main.o
 .debug_macro   0x000275d3      0x177 ./Core/Src/main.o
 .debug_macro   0x0002774a       0x16 ./Core/Src/main.o
 .debug_macro   0x00027760       0x16 ./Core/Src/main.o
 .debug_macro   0x00027776      0x146 ./Core/Src/main.o
 .debug_macro   0x000278bc      0x1fc ./Core/Src/menu.o
 .debug_macro   0x00027ab8       0x46 ./Core/Src/menu.o
 .debug_macro   0x00027afe      0x1cf ./Core/Src/stm32l4xx_hal_msp.o
 .debug_macro   0x00027ccd      0x1d9 ./Core/Src/stm32l4xx_it.o
 .debug_macro   0x00027ea6      0x1d4 ./Core/Src/system_stm32l4xx.o
 .debug_macro   0x0002807a      0x2d0 ./Core/Src/ymodem.o
 .debug_macro   0x0002834a       0x10 ./Core/Src/ymodem.o
 .debug_macro   0x0002835a       0x20 ./Core/Src/ymodem.o
 .debug_macro   0x0002837a      0x20e ./Drivers/STM32L4xx_HAL_Driver/Src/stm32l4xx_hal.o
 .debug_macro   0x00028588      0x1c0 ./Drivers/STM32L4xx_HAL_Driver/Src/stm32l4xx_hal_cortex.o
 .debug_macro   0x00028748      0x1c0 ./Drivers/STM32L4xx_HAL_Driver/Src/stm32l4xx_hal_crc.o
 .debug_macro   0x00028908      0x1c0 ./Drivers/STM32L4xx_HAL_Driver/Src/stm32l4xx_hal_crc_ex.o
 .debug_macro   0x00028ac8      0x1c6 ./Drivers/STM32L4xx_HAL_Driver/Src/stm32l4xx_hal_flash.o
 .debug_macro   0x00028c8e      0x1c0 ./Drivers/STM32L4xx_HAL_Driver/Src/stm32l4xx_hal_flash_ex.o
 .debug_macro   0x00028e4e      0x1c7 ./Drivers/STM32L4xx_HAL_Driver/Src/stm32l4xx_hal_gpio.o
 .debug_macro   0x00029015      0x1ea ./Drivers/STM32L4xx_HAL_Driver/Src/stm32l4xx_hal_pwr_ex.o
 .debug_macro   0x000291ff      0x202 ./Drivers/STM32L4xx_HAL_Driver/Src/stm32l4xx_hal_rcc.o
 .debug_macro   0x00029401      0x1f6 ./Drivers/STM32L4xx_HAL_Driver/Src/stm32l4xx_hal_rcc_ex.o
 .debug_macro   0x000295f7      0x1eb ./Drivers/STM32L4xx_HAL_Driver/Src/stm32l4xx_hal_uart.o

.debug_line     0x00000000    0x102a0
 .debug_line    0x00000000      0x92c ./Core/Src/common.o
 .debug_line    0x0000092c      0x9a0 ./Core/Src/flash_if.o
 .debug_line    0x000012cc      0xab3 ./Core/Src/main.o
 .debug_line    0x00001d7f      0x804 ./Core/Src/menu.o
 .debug_line    0x00002583      0x7ea ./Core/Src/stm32l4xx_hal_msp.o
 .debug_line    0x00002d6d      0x812 ./Core/Src/stm32l4xx_it.o
 .debug_line    0x0000357f      0x7f0 ./Core/Src/system_stm32l4xx.o
 .debug_line    0x00003d6f      0xe68 ./Core/Src/ymodem.o
 .debug_line    0x00004bd7       0x7a ./Core/Startup/startup_stm32l4a6zgtx.o
 .debug_line    0x00004c51      0xb45 ./Drivers/STM32L4xx_HAL_Driver/Src/stm32l4xx_hal.o
 .debug_line    0x00005796      0xd0e ./Drivers/STM32L4xx_HAL_Driver/Src/stm32l4xx_hal_cortex.o
 .debug_line    0x000064a4      0xa90 ./Drivers/STM32L4xx_HAL_Driver/Src/stm32l4xx_hal_crc.o
 .debug_line    0x00006f34      0x80c ./Drivers/STM32L4xx_HAL_Driver/Src/stm32l4xx_hal_crc_ex.o
 .debug_line    0x00007740      0xafa ./Drivers/STM32L4xx_HAL_Driver/Src/stm32l4xx_hal_flash.o
 .debug_line    0x0000823a      0xdbc ./Drivers/STM32L4xx_HAL_Driver/Src/stm32l4xx_hal_flash_ex.o
 .debug_line    0x00008ff6      0xbb9 ./Drivers/STM32L4xx_HAL_Driver/Src/stm32l4xx_hal_gpio.o
 .debug_line    0x00009baf      0xd11 ./Drivers/STM32L4xx_HAL_Driver/Src/stm32l4xx_hal_pwr_ex.o
 .debug_line    0x0000a8c0     0x1006 ./Drivers/STM32L4xx_HAL_Driver/Src/stm32l4xx_hal_rcc.o
 .debug_line    0x0000b8c6     0x1783 ./Drivers/STM32L4xx_HAL_Driver/Src/stm32l4xx_hal_rcc_ex.o
 .debug_line    0x0000d049     0x3257 ./Drivers/STM32L4xx_HAL_Driver/Src/stm32l4xx_hal_uart.o

.debug_str      0x00000000    0xf993c
 .debug_str     0x00000000    0xf1f9f ./Core/Src/common.o
                              0xf22b2 (size before relaxing)
 .debug_str     0x000f1f9f      0x596 ./Core/Src/flash_if.o
                              0xf219c (size before relaxing)
 .debug_str     0x000f2535     0x3f7f ./Core/Src/main.o
                              0xf6185 (size before relaxing)
 .debug_str     0x000f64b4       0xb8 ./Core/Src/menu.o
                              0xf2338 (size before relaxing)
 .debug_str     0x000f656c      0x314 ./Core/Src/stm32l4xx_hal_msp.o
                              0xf26ac (size before relaxing)
 .debug_str     0x000f6880       0xc9 ./Core/Src/stm32l4xx_it.o
                              0xf1c77 (size before relaxing)
 .debug_str     0x000f6949      0x148 ./Core/Src/system_stm32l4xx.o
                              0xf1e3a (size before relaxing)
 .debug_str     0x000f6a91      0x27c ./Core/Src/ymodem.o
                              0xf5c4e (size before relaxing)
 .debug_str     0x000f6d0d       0x44 ./Core/Startup/startup_stm32l4a6zgtx.o
                                 0x6a (size before relaxing)
 .debug_str     0x000f6d51      0xafe ./Drivers/STM32L4xx_HAL_Driver/Src/stm32l4xx_hal.o
                              0xf29fa (size before relaxing)
 .debug_str     0x000f784f      0x37c ./Drivers/STM32L4xx_HAL_Driver/Src/stm32l4xx_hal_cortex.o
                              0xf26cd (size before relaxing)
 .debug_str     0x000f7bcb       0xb4 ./Drivers/STM32L4xx_HAL_Driver/Src/stm32l4xx_hal_crc.o
                              0xf1e94 (size before relaxing)
 .debug_str     0x000f7c7f       0x69 ./Drivers/STM32L4xx_HAL_Driver/Src/stm32l4xx_hal_crc_ex.o
                              0xf1e4e (size before relaxing)
 .debug_str     0x000f7ce8      0x341 ./Drivers/STM32L4xx_HAL_Driver/Src/stm32l4xx_hal_flash.o
                              0xf2083 (size before relaxing)
 .debug_str     0x000f8029      0x16b ./Drivers/STM32L4xx_HAL_Driver/Src/stm32l4xx_hal_flash_ex.o
                              0xf20e7 (size before relaxing)
 .debug_str     0x000f8194      0x112 ./Drivers/STM32L4xx_HAL_Driver/Src/stm32l4xx_hal_gpio.o
                              0xf1f5e (size before relaxing)
 .debug_str     0x000f82a6      0x4e4 ./Drivers/STM32L4xx_HAL_Driver/Src/stm32l4xx_hal_pwr_ex.o
                              0xf2333 (size before relaxing)
 .debug_str     0x000f878a      0x336 ./Drivers/STM32L4xx_HAL_Driver/Src/stm32l4xx_hal_rcc.o
                              0xf2431 (size before relaxing)
 .debug_str     0x000f8ac0      0x5ad ./Drivers/STM32L4xx_HAL_Driver/Src/stm32l4xx_hal_rcc_ex.o
                              0xf27cc (size before relaxing)
 .debug_str     0x000f906d      0x8cf ./Drivers/STM32L4xx_HAL_Driver/Src/stm32l4xx_hal_uart.o
                              0xf2b3c (size before relaxing)

.comment        0x00000000       0x43
 .comment       0x00000000       0x43 ./Core/Src/common.o
                                 0x44 (size before relaxing)
 .comment       0x00000043       0x44 ./Core/Src/flash_if.o
 .comment       0x00000043       0x44 ./Core/Src/main.o
 .comment       0x00000043       0x44 ./Core/Src/menu.o
 .comment       0x00000043       0x44 ./Core/Src/stm32l4xx_hal_msp.o
 .comment       0x00000043       0x44 ./Core/Src/stm32l4xx_it.o
 .comment       0x00000043       0x44 ./Core/Src/system_stm32l4xx.o
 .comment       0x00000043       0x44 ./Core/Src/ymodem.o
 .comment       0x00000043       0x44 ./Drivers/STM32L4xx_HAL_Driver/Src/stm32l4xx_hal.o
 .comment       0x00000043       0x44 ./Drivers/STM32L4xx_HAL_Driver/Src/stm32l4xx_hal_cortex.o
 .comment       0x00000043       0x44 ./Drivers/STM32L4xx_HAL_Driver/Src/stm32l4xx_hal_crc.o
 .comment       0x00000043       0x44 ./Drivers/STM32L4xx_HAL_Driver/Src/stm32l4xx_hal_crc_ex.o
 .comment       0x00000043       0x44 ./Drivers/STM32L4xx_HAL_Driver/Src/stm32l4xx_hal_flash.o
 .comment       0x00000043       0x44 ./Drivers/STM32L4xx_HAL_Driver/Src/stm32l4xx_hal_flash_ex.o
 .comment       0x00000043       0x44 ./Drivers/STM32L4xx_HAL_Driver/Src/stm32l4xx_hal_gpio.o
 .comment       0x00000043       0x44 ./Drivers/STM32L4xx_HAL_Driver/Src/stm32l4xx_hal_pwr_ex.o
 .comment       0x00000043       0x44 ./Drivers/STM32L4xx_HAL_Driver/Src/stm32l4xx_hal_rcc.o
 .comment       0x00000043       0x44 ./Drivers/STM32L4xx_HAL_Driver/Src/stm32l4xx_hal_rcc_ex.o
 .comment       0x00000043       0x44 ./Drivers/STM32L4xx_HAL_Driver/Src/stm32l4xx_hal_uart.o

.debug_frame    0x00000000     0x2d9c
 .debug_frame   0x00000000       0xa8 ./Core/Src/common.o
 .debug_frame   0x000000a8       0xc0 ./Core/Src/flash_if.o
 .debug_frame   0x00000168      0x120 ./Core/Src/main.o
 .debug_frame   0x00000288       0x58 ./Core/Src/menu.o
 .debug_frame   0x000002e0       0xd4 ./Core/Src/stm32l4xx_hal_msp.o
 .debug_frame   0x000003b4      0x104 ./Core/Src/stm32l4xx_it.o
 .debug_frame   0x000004b8       0x58 ./Core/Src/system_stm32l4xx.o
 .debug_frame   0x00000510      0x144 ./Core/Src/ymodem.o
 .debug_frame   0x00000654      0x498 ./Drivers/STM32L4xx_HAL_Driver/Src/stm32l4xx_hal.o
 .debug_frame   0x00000aec      0x4e8 ./Drivers/STM32L4xx_HAL_Driver/Src/stm32l4xx_hal_cortex.o
 .debug_frame   0x00000fd4      0x168 ./Drivers/STM32L4xx_HAL_Driver/Src/stm32l4xx_hal_crc.o
 .debug_frame   0x0000113c       0x88 ./Drivers/STM32L4xx_HAL_Driver/Src/stm32l4xx_hal_crc_ex.o
 .debug_frame   0x000011c4      0x204 ./Drivers/STM32L4xx_HAL_Driver/Src/stm32l4xx_hal_flash.o
 .debug_frame   0x000013c8      0x24c ./Drivers/STM32L4xx_HAL_Driver/Src/stm32l4xx_hal_flash_ex.o
 .debug_frame   0x00001614      0x14c ./Drivers/STM32L4xx_HAL_Driver/Src/stm32l4xx_hal_gpio.o
 .debug_frame   0x00001760      0x544 ./Drivers/STM32L4xx_HAL_Driver/Src/stm32l4xx_hal_pwr_ex.o
 .debug_frame   0x00001ca4      0x21c ./Drivers/STM32L4xx_HAL_Driver/Src/stm32l4xx_hal_rcc.o
 .debug_frame   0x00001ec0      0x43c ./Drivers/STM32L4xx_HAL_Driver/Src/stm32l4xx_hal_rcc_ex.o
 .debug_frame   0x000022fc      0x9f4 ./Drivers/STM32L4xx_HAL_Driver/Src/stm32l4xx_hal_uart.o
 .debug_frame   0x00002cf0       0x20 C:/st/STM32CubeIDE_1.16.0/STM32CubeIDE/plugins/com.st.stm32cube.ide.mcu.externaltools.gnu-tools-for-stm32.12.3.rel1.win32_1.0.200.202406191623/tools/bin/../lib/gcc/arm-none-eabi/12.3.1/../../../../arm-none-eabi/lib/thumb/v7e-m+fp/hard\libc_nano.a(libc_a-memset.o)
 .debug_frame   0x00002d10       0x2c C:/st/STM32CubeIDE_1.16.0/STM32CubeIDE/plugins/com.st.stm32cube.ide.mcu.externaltools.gnu-tools-for-stm32.12.3.rel1.win32_1.0.200.202406191623/tools/bin/../lib/gcc/arm-none-eabi/12.3.1/../../../../arm-none-eabi/lib/thumb/v7e-m+fp/hard\libc_nano.a(libc_a-init.o)
 .debug_frame   0x00002d3c       0x2c C:/st/STM32CubeIDE_1.16.0/STM32CubeIDE/plugins/com.st.stm32cube.ide.mcu.externaltools.gnu-tools-for-stm32.12.3.rel1.win32_1.0.200.202406191623/tools/bin/../lib/gcc/arm-none-eabi/12.3.1/thumb/v7e-m+fp/hard\libgcc.a(_aeabi_uldivmod.o)
 .debug_frame   0x00002d68       0x34 C:/st/STM32CubeIDE_1.16.0/STM32CubeIDE/plugins/com.st.stm32cube.ide.mcu.externaltools.gnu-tools-for-stm32.12.3.rel1.win32_1.0.200.202406191623/tools/bin/../lib/gcc/arm-none-eabi/12.3.1/thumb/v7e-m+fp/hard\libgcc.a(_udivmoddi4.o)

.debug_line_str
                0x00000000       0x4e
 .debug_line_str
                0x00000000       0x4e ./Core/Startup/startup_stm32l4a6zgtx.o
